---
source: client/src/models/webhooks/mod.rs
expression: examples
---
[
  "00000000-0000-7201-8304-05060708090a",
  "0185a368-8470-7201-8304-05060708090a",
  "0185a368-8470-7c0b-8d0e-0f1011121314",
  "0185a368-8858-7c0b-8d0e-0f1011121314"
]
