---
source: client/src/models/webhooks/mod.rs
expression: hmac
---
"7a6ebaa564b68078f77798ade52da3db5b37f3ab273c522519b092c4f87b32d1548748a30fb94a210869dfd2c3890f8fa89ce5cb90fafc72edda5dfe1510dd1a"
